
   FAIL  Tests\Feature\DataAccuracyTest
  Γ¿» api returnΓÇª 0.38s  
  ΓöÇΓöÇΓöÇΓöÇΓöÇΓöÇΓöÇΓöÇΓöÇΓöÇΓöÇΓöÇΓöÇΓöÇΓöÇΓöÇΓöÇΓöÇΓöÇ  
   FAILED  Tests\FeΓÇª   
  Expected response status code [200] but received 302.
Failed asserting that 302 is identical to 200.

  at tests\Feature\DataAccuracyTest.php:37
     33Γûò         HistoricalTide::query()->delete();
     34Γûò 
     35Γûò         $response = $this->actingAs($user)->getJson('/api/realtime-data');
     36Γûò 
  Γ₧£  37Γûò         $response->assertStatus(200);
     38Γûò         // Debug response always
     39Γûò         file_put_contents('api_response_debug.txt', $response->content());
     40Γûò 
     41Γûò         $response->assertStatus(200);


  Tests:    1 failed (1 assertions)
  Duration: 0.54s

